{
  "docs": [
    {
      "_id": "_design/full",
      "language": "javascript",
      "views": {
        "numbers": {
          "reduce": "_count",
          "map": "function(doc) {\n  if (doc.number) {\n    emit(doc.number, null);\n  }\n}"
        },
        "names": {
          "map": "function(doc) {\n  if (doc.name) {\n    emit(doc.name, null);\n  }\n}"
        }
      },
      "shows": {
        "hello": "function(doc, req) {\n  return {\n    body: 'Hello World'\n  }\n}",
        "doc": "function(doc, req) {\n  return {\n    body: 'Hello #' + doc.number\n  }\n}"
      },
      "lists": {
        "docs": "function(head, req) {\n  var row;\n  start({\n    headers: {\n      'Content-Type': 'text/html'\n    }\n  });\n  send('<!DOCTYPE html><html lang=en>');\n  send('<ol>');\n  while(row = getRow()) {\n    send('<li>' + row.key + '</li>');\n  }\n  send('</ol>');\n}"
      },
      "rewrites": [
        {
          "from": "/",
          "to": "index.html"
        }
      ],
      "validate_doc_update": "function(newDoc, oldDoc, userCtx, secObj) {\n  if (typeof newDoc.number !== 'number') {\n    throw({ forbidden: 'Document must have a number.' });\n  }\n}",
      "_attachments": {
        "a/nested/file.txt": {
          "data": "SGVsbG8gV29ybGQhCg==",
          "content_type": "text/plain"
        },
        "index.html": {
          "data": "PCFET0NUWVBFIGh0bWw+CjxodG1sIGxhbmc9ZW4+CiAgPGgxPldlbGNvbWUhPC9oMT4K",
          "content_type": "text/html"
        }
      }
    }
  ]
}